=   URL=https://degree.units.it/en/0320107303300001 (GET)
STATUS=HTTP/1.0 200 OK 
